// Jest Snapshot v1, https://goo.gl/fbAQLP

exports[`Should render properly 1`] = `
<li
  className="ui-menu-item"
  role="menuitem"
  tabIndex="-1"
>
  <a
    className="ui-state-disabled"
  >
    <span>
      No results found
    </span>
  </a>
</li>
`;
